// Jest Snapshot v1, https://goo.gl/fbAQLP

exports[`Searchbar tests Should render and match snapshot 1`] = `
Object {
  "asFragment": [Function],
  "baseElement": <body>
    <div>
      <div
        class="css-8atqhb"
      >
        <form>
          <div
            class="css-zqq8sv"
          >
            <input
              class="chakra-input css-15u1lqs"
              role="search"
              type="search"
            />
            <input
              class="chakra-input css-hn1347"
              role="search-submit-button"
              type="submit"
              value="Search"
            />
          </div>
          <div
            class="css-1hs5feh"
          >
            <span
              class="css-13tvnpb"
              role="search-filter-button"
            >
              Multi
            </span>
            <span
              class="css-13tvnpb"
              role="search-filter-button"
            >
              Songs
            </span>
            <span
              class="css-13tvnpb"
              role="search-filter-button"
            >
              Albums
            </span>
            <span
              class="css-13tvnpb"
              role="search-filter-button"
            >
              Artists
            </span>
            <span
              class="css-1qcgofx"
              role="search-filter-button"
            >
              Playlists
            </span>
          </div>
        </form>
      </div>
    </div>
  </body>,
  "container": <div>
    <div
      class="css-8atqhb"
    >
      <form>
        <div
          class="css-zqq8sv"
        >
          <input
            class="chakra-input css-15u1lqs"
            role="search"
            type="search"
          />
          <input
            class="chakra-input css-hn1347"
            role="search-submit-button"
            type="submit"
            value="Search"
          />
        </div>
        <div
          class="css-1hs5feh"
        >
          <span
            class="css-13tvnpb"
            role="search-filter-button"
          >
            Multi
          </span>
          <span
            class="css-13tvnpb"
            role="search-filter-button"
          >
            Songs
          </span>
          <span
            class="css-13tvnpb"
            role="search-filter-button"
          >
            Albums
          </span>
          <span
            class="css-13tvnpb"
            role="search-filter-button"
          >
            Artists
          </span>
          <span
            class="css-1qcgofx"
            role="search-filter-button"
          >
            Playlists
          </span>
        </div>
      </form>
    </div>
  </div>,
  "debug": [Function],
  "findAllByAltText": [Function],
  "findAllByDisplayValue": [Function],
  "findAllByLabelText": [Function],
  "findAllByPlaceholderText": [Function],
  "findAllByRole": [Function],
  "findAllByTestId": [Function],
  "findAllByText": [Function],
  "findAllByTitle": [Function],
  "findByAltText": [Function],
  "findByDisplayValue": [Function],
  "findByLabelText": [Function],
  "findByPlaceholderText": [Function],
  "findByRole": [Function],
  "findByTestId": [Function],
  "findByText": [Function],
  "findByTitle": [Function],
  "getAllByAltText": [Function],
  "getAllByDisplayValue": [Function],
  "getAllByLabelText": [Function],
  "getAllByPlaceholderText": [Function],
  "getAllByRole": [Function],
  "getAllByTestId": [Function],
  "getAllByText": [Function],
  "getAllByTitle": [Function],
  "getByAltText": [Function],
  "getByDisplayValue": [Function],
  "getByLabelText": [Function],
  "getByPlaceholderText": [Function],
  "getByRole": [Function],
  "getByTestId": [Function],
  "getByText": [Function],
  "getByTitle": [Function],
  "queryAllByAltText": [Function],
  "queryAllByDisplayValue": [Function],
  "queryAllByLabelText": [Function],
  "queryAllByPlaceholderText": [Function],
  "queryAllByRole": [Function],
  "queryAllByTestId": [Function],
  "queryAllByText": [Function],
  "queryAllByTitle": [Function],
  "queryByAltText": [Function],
  "queryByDisplayValue": [Function],
  "queryByLabelText": [Function],
  "queryByPlaceholderText": [Function],
  "queryByRole": [Function],
  "queryByTestId": [Function],
  "queryByText": [Function],
  "queryByTitle": [Function],
  "rerender": [Function],
  "unmount": [Function],
}
`;
