// Jest Snapshot v1, https://goo.gl/fbAQLP

exports[`Song list tests Should render and match snapshot if loading is 'resovled' 1`] = `
Object {
  "asFragment": [Function],
  "baseElement": <body>
    <div>
      <div
        data-testid="song-container"
      >
        <div
          class="css-16l185a"
        >
          <div
            class="css-k008qs"
          >
            <img
              class="chakra-image css-1oaqw3l"
              loading="lazy"
              src="https://i.scdn.co/image/ab67616d00004851df5022bdf1ac4bf52135c4be"
            />
            <div
              class="css-13yz2if"
            >
              <div
                class="css-0"
              >
                <p
                  class="chakra-text css-iziug0"
                >
                  Psycho
                </p>
                <span />
              </div>
              <p
                class="chakra-text css-1lk7enj"
              >
                ‘The ReVe Festival’ Finale
              </p>
              <a
                href="/artists/1z4g3DjTBBZKhvAroFlhOM"
              >
                <p
                  class="chakra-text css-lwat8c"
                >
                  Red Velvet
                </p>
              </a>
            </div>
          </div>
          <div
            class="css-13ce5j0"
          >
            <p
              class="chakra-text css-19ldtcn"
            >
              3:31
            </p>
            <i
              class="bi bi-play-fill song-card-icon"
              data-testid="play-icon"
              id="3CYH422oy1cZNoo0GTG1TK"
              role="play-button"
            />
          </div>
        </div>
      </div>
      <div
        data-testid="song-container"
      >
        <div
          class="css-16l185a"
        >
          <div
            class="css-k008qs"
          >
            <img
              class="chakra-image css-1oaqw3l"
              loading="lazy"
              src="https://i.scdn.co/image/ab67616d000048513f30a062dafcdbc1a8fad842"
            />
            <div
              class="css-13yz2if"
            >
              <div
                class="css-0"
              >
                <p
                  class="chakra-text css-iziug0"
                >
                  러시안 룰렛 Russian Roulette
                </p>
                <span />
              </div>
              <p
                class="chakra-text css-1lk7enj"
              >
                Russian Roulette - The 3rd Mini Album
              </p>
              <a
                href="/artists/1z4g3DjTBBZKhvAroFlhOM"
              >
                <p
                  class="chakra-text css-lwat8c"
                >
                  Red Velvet
                </p>
              </a>
            </div>
          </div>
          <div
            class="css-13ce5j0"
          >
            <p
              class="chakra-text css-19ldtcn"
            >
              3:31
            </p>
            <i
              class="bi bi-play-fill song-card-icon"
              data-testid="play-icon"
              id="5HiSc2ZCGn8L3cH3qSwzBT"
              role="play-button"
            />
          </div>
        </div>
      </div>
    </div>
  </body>,
  "container": <div>
    <div
      data-testid="song-container"
    >
      <div
        class="css-16l185a"
      >
        <div
          class="css-k008qs"
        >
          <img
            class="chakra-image css-1oaqw3l"
            loading="lazy"
            src="https://i.scdn.co/image/ab67616d00004851df5022bdf1ac4bf52135c4be"
          />
          <div
            class="css-13yz2if"
          >
            <div
              class="css-0"
            >
              <p
                class="chakra-text css-iziug0"
              >
                Psycho
              </p>
              <span />
            </div>
            <p
              class="chakra-text css-1lk7enj"
            >
              ‘The ReVe Festival’ Finale
            </p>
            <a
              href="/artists/1z4g3DjTBBZKhvAroFlhOM"
            >
              <p
                class="chakra-text css-lwat8c"
              >
                Red Velvet
              </p>
            </a>
          </div>
        </div>
        <div
          class="css-13ce5j0"
        >
          <p
            class="chakra-text css-19ldtcn"
          >
            3:31
          </p>
          <i
            class="bi bi-play-fill song-card-icon"
            data-testid="play-icon"
            id="3CYH422oy1cZNoo0GTG1TK"
            role="play-button"
          />
        </div>
      </div>
    </div>
    <div
      data-testid="song-container"
    >
      <div
        class="css-16l185a"
      >
        <div
          class="css-k008qs"
        >
          <img
            class="chakra-image css-1oaqw3l"
            loading="lazy"
            src="https://i.scdn.co/image/ab67616d000048513f30a062dafcdbc1a8fad842"
          />
          <div
            class="css-13yz2if"
          >
            <div
              class="css-0"
            >
              <p
                class="chakra-text css-iziug0"
              >
                러시안 룰렛 Russian Roulette
              </p>
              <span />
            </div>
            <p
              class="chakra-text css-1lk7enj"
            >
              Russian Roulette - The 3rd Mini Album
            </p>
            <a
              href="/artists/1z4g3DjTBBZKhvAroFlhOM"
            >
              <p
                class="chakra-text css-lwat8c"
              >
                Red Velvet
              </p>
            </a>
          </div>
        </div>
        <div
          class="css-13ce5j0"
        >
          <p
            class="chakra-text css-19ldtcn"
          >
            3:31
          </p>
          <i
            class="bi bi-play-fill song-card-icon"
            data-testid="play-icon"
            id="5HiSc2ZCGn8L3cH3qSwzBT"
            role="play-button"
          />
        </div>
      </div>
    </div>
  </div>,
  "debug": [Function],
  "findAllByAltText": [Function],
  "findAllByDisplayValue": [Function],
  "findAllByLabelText": [Function],
  "findAllByPlaceholderText": [Function],
  "findAllByRole": [Function],
  "findAllByTestId": [Function],
  "findAllByText": [Function],
  "findAllByTitle": [Function],
  "findByAltText": [Function],
  "findByDisplayValue": [Function],
  "findByLabelText": [Function],
  "findByPlaceholderText": [Function],
  "findByRole": [Function],
  "findByTestId": [Function],
  "findByText": [Function],
  "findByTitle": [Function],
  "getAllByAltText": [Function],
  "getAllByDisplayValue": [Function],
  "getAllByLabelText": [Function],
  "getAllByPlaceholderText": [Function],
  "getAllByRole": [Function],
  "getAllByTestId": [Function],
  "getAllByText": [Function],
  "getAllByTitle": [Function],
  "getByAltText": [Function],
  "getByDisplayValue": [Function],
  "getByLabelText": [Function],
  "getByPlaceholderText": [Function],
  "getByRole": [Function],
  "getByTestId": [Function],
  "getByText": [Function],
  "getByTitle": [Function],
  "queryAllByAltText": [Function],
  "queryAllByDisplayValue": [Function],
  "queryAllByLabelText": [Function],
  "queryAllByPlaceholderText": [Function],
  "queryAllByRole": [Function],
  "queryAllByTestId": [Function],
  "queryAllByText": [Function],
  "queryAllByTitle": [Function],
  "queryByAltText": [Function],
  "queryByDisplayValue": [Function],
  "queryByLabelText": [Function],
  "queryByPlaceholderText": [Function],
  "queryByRole": [Function],
  "queryByTestId": [Function],
  "queryByText": [Function],
  "queryByTitle": [Function],
  "rerender": [Function],
  "unmount": [Function],
}
`;
