// Jest Snapshot v1, https://goo.gl/fbAQLP

exports[`Song list tests Should render and match snapshot if loading is 'resovled' 1`] = `
Object {
  "asFragment": [Function],
  "baseElement": <body>
    <div>
      <div
        data-testid="albums-list"
      >
        <div
          class="css-1ics6b3"
          data-testid="album-container"
        >
          <div
            class="css-79elbk"
          >
            <img
              class="album-cover css-1psm24t"
              loading="lazy"
              src="https://i.scdn.co/image/ab67616d00001e02d2ef237da7f94762997c2083"
            />
            <i
              class="bi bi-play-fill song-collection-icon"
            />
          </div>
          <p
            class="chakra-text css-16ngg4e"
          >
            ‘The ReVe Festival 2022 - Birthday’
          </p>
          <a
            href="/artists/1z4g3DjTBBZKhvAroFlhOM"
          >
            <p
              class="chakra-text css-1hlu8je"
            >
              Red Velvet
            </p>
          </a>
        </div>
      </div>
    </div>
  </body>,
  "container": <div>
    <div
      data-testid="albums-list"
    >
      <div
        class="css-1ics6b3"
        data-testid="album-container"
      >
        <div
          class="css-79elbk"
        >
          <img
            class="album-cover css-1psm24t"
            loading="lazy"
            src="https://i.scdn.co/image/ab67616d00001e02d2ef237da7f94762997c2083"
          />
          <i
            class="bi bi-play-fill song-collection-icon"
          />
        </div>
        <p
          class="chakra-text css-16ngg4e"
        >
          ‘The ReVe Festival 2022 - Birthday’
        </p>
        <a
          href="/artists/1z4g3DjTBBZKhvAroFlhOM"
        >
          <p
            class="chakra-text css-1hlu8je"
          >
            Red Velvet
          </p>
        </a>
      </div>
    </div>
  </div>,
  "debug": [Function],
  "findAllByAltText": [Function],
  "findAllByDisplayValue": [Function],
  "findAllByLabelText": [Function],
  "findAllByPlaceholderText": [Function],
  "findAllByRole": [Function],
  "findAllByTestId": [Function],
  "findAllByText": [Function],
  "findAllByTitle": [Function],
  "findByAltText": [Function],
  "findByDisplayValue": [Function],
  "findByLabelText": [Function],
  "findByPlaceholderText": [Function],
  "findByRole": [Function],
  "findByTestId": [Function],
  "findByText": [Function],
  "findByTitle": [Function],
  "getAllByAltText": [Function],
  "getAllByDisplayValue": [Function],
  "getAllByLabelText": [Function],
  "getAllByPlaceholderText": [Function],
  "getAllByRole": [Function],
  "getAllByTestId": [Function],
  "getAllByText": [Function],
  "getAllByTitle": [Function],
  "getByAltText": [Function],
  "getByDisplayValue": [Function],
  "getByLabelText": [Function],
  "getByPlaceholderText": [Function],
  "getByRole": [Function],
  "getByTestId": [Function],
  "getByText": [Function],
  "getByTitle": [Function],
  "queryAllByAltText": [Function],
  "queryAllByDisplayValue": [Function],
  "queryAllByLabelText": [Function],
  "queryAllByPlaceholderText": [Function],
  "queryAllByRole": [Function],
  "queryAllByTestId": [Function],
  "queryAllByText": [Function],
  "queryAllByTitle": [Function],
  "queryByAltText": [Function],
  "queryByDisplayValue": [Function],
  "queryByLabelText": [Function],
  "queryByPlaceholderText": [Function],
  "queryByRole": [Function],
  "queryByTestId": [Function],
  "queryByText": [Function],
  "queryByTitle": [Function],
  "rerender": [Function],
  "unmount": [Function],
}
`;
